<!DOCTYPE html><html lang="ru"><head>
    <meta charset="utf-8">
    <title>Курсы по программированию Хекслет</title>
  </head>
  <body>
    <img src="ru-hexlet-io-courses_files/ru-hexlet-io-assets-professions-nodejs.png" alt="Иконка профессии Node.js-программист">
    <h3>
      <a href="/professions/nodejs">Node.js-программист</a>
    </h3>
    <script src="ru-hexlet-io-courses_files/ru-hexlet-io-assets-professions-test.js"></script>
    <link rel="stylesheet" type="text/css" href="ru-hexlet-io-courses_files/ru-hexlet-io-assets-professions-test.css">
  

</body></html>